../Drivers/CMSIS/Include/core_cm3.h:1511:22:__NVIC_EnableIRQ	16	static
../Drivers/CMSIS/Include/core_cm3.h:1547:22:__NVIC_DisableIRQ	16	static,ignoring_inline_asm
../Core/Src/main.c:117:5:__io_putchar	16	static
../Core/Src/main.c:124:6:HAL_UART_RxCpltCallback	16	static
../Core/Src/main.c:142:6:vTask_HandleInterrupt	32	static
../Core/Src/main.c:228:6:vTask_ReadData	8	static
../Core/Src/main.c:252:6:vTask_Display	48	static
../Core/Src/main.c:287:6:vTask_ControlRgb	16	static
../Core/Src/main.c:296:6:vTask_SendToCom	8	static
../Core/Src/main.c:320:6:HAL_TIM_PeriodElapsedCallback	16	static
../Core/Src/main.c:345:5:main	16	static
../Core/Src/main.c:415:6:SystemClock_Config	72	static
../Core/Src/main.c:455:13:MX_I2C2_Init	8	static
../Core/Src/main.c:489:13:MX_TIM1_Init	32	static
../Core/Src/main.c:535:13:MX_TIM2_Init	64	static
../Core/Src/main.c:602:13:MX_TIM4_Init	32	static
../Core/Src/main.c:647:13:MX_USART1_UART_Init	8	static
../Core/Src/main.c:680:13:MX_GPIO_Init	40	static
../Core/Src/main.c:720:6:Error_Handler	4	static,ignoring_inline_asm
